INFO         | Android emulator version 37.1.11.0 (build_id 15917651) (CL:N/A)
INFO         | Graphics backend: gfxstream
INFO         | Found systemPath C:\Users\H4RD\AppData\Local\Android\Sdk\system-images\android-35\google_apis_playstore\x86_64\
INFO         | Saving last run QEMU version for the AVD to 2
INFO         | Increasing RAM size to 2560MB
INFO         | IPv4 server found: 172.19.0.2
INFO         | Ignore IPv6 address: 7830:42cb:f901:0:5029:42cb:f901:0
INFO         | Ignore IPv6 address: 7830:42cb:f901:0:5029:42cb:f901:0
INFO         | Ignore IPv6 address: 7830:42cb:f901:0:5029:42cb:f901:0
INFO         | Ignore IPv6 address: a036:42cb:f901:0:5029:42cb:f901:0
INFO         | Ignore IPv6 address: a036:42cb:f901:0:5029:42cb:f901:0
INFO         | Ignore IPv6 address: a036:42cb:f901:0:5029:42cb:f901:0
INFO         | Ignore IPv6 address: 283d:42cb:f901:0:5029:42cb:f901:0
INFO         | Ignore IPv6 address: 283d:42cb:f901:0:5029:42cb:f901:0
INFO         | Ignore IPv6 address: 283d:42cb:f901:0:5029:42cb:f901:0
INFO         | Ignore IPv6 address: b043:42cb:f901:0:5029:42cb:f901:0
INFO         | Ignore IPv6 address: b043:42cb:f901:0:5029:42cb:f901:0
INFO         | Ignore IPv6 address: b043:42cb:f901:0:5029:42cb:f901:0
INFO         | Ignore IPv6 address: 384a:42cb:f901:0:5029:42cb:f901:0
INFO         | Ignore IPv6 address: 384a:42cb:f901:0:5029:42cb:f901:0
INFO         | Ignore IPv6 address: 384a:42cb:f901:0:5029:42cb:f901:0
INFO         | Ignore IPv6 address: 1052:42cb:f901:0:5029:42cb:f901:0
INFO         | Ignore IPv6 address: e859:42cb:f901:0:5029:42cb:f901:0
INFO         | Ignore IPv6 address: e859:42cb:f901:0:5029:42cb:f901:0
INFO         | Ignore IPv6 address: e859:42cb:f901:0:5029:42cb:f901:0
INFO         | Ignore IPv6 address: 4862:42cb:f901:0:5029:42cb:f901:0
INFO         | Ignore IPv6 address: 4862:42cb:f901:0:5029:42cb:f901:0
INFO         | Ignore IPv6 address: 4862:42cb:f901:0:5029:42cb:f901:0
INFO         | Ignore IPv6 address: 3868:42cb:f901:0:5029:42cb:f901:0
INFO         | Ignore IPv6 address: 3868:42cb:f901:0:5029:42cb:f901:0
INFO         | Ignore IPv6 address: 3868:42cb:f901:0:5029:42cb:f901:0
INFO         | Ignore IPv6 address: 406e:42cb:f901:0:5029:42cb:f901:0
INFO         | Ignore IPv6 address: 406e:42cb:f901:0:5029:42cb:f901:0
INFO         | Ignore IPv6 address: 406e:42cb:f901:0:5029:42cb:f901:0
INFO         | Ignore IPv6 address: c874:42cb:f901:0:5029:42cb:f901:0
INFO         | Ignore IPv6 address: c874:42cb:f901:0:5029:42cb:f901:0
INFO         | Ignore IPv6 address: c874:42cb:f901:0:5029:42cb:f901:0
INFO         | Ignore IPv6 address: f07a:42cb:f901:0:5029:42cb:f901:0
INFO         | Ignore IPv6 address: f07a:42cb:f901:0:5029:42cb:f901:0
INFO         | Ignore IPv6 address: f07a:42cb:f901:0:5029:42cb:f901:0
INFO         | Ignore IPv6 address: 5888:42cb:f901:0:5029:42cb:f901:0
INFO         | Ignore IPv6 address: 5888:42cb:f901:0:5029:42cb:f901:0
INFO         | Ignore IPv6 address: 5888:42cb:f901:0:5029:42cb:f901:0
INFO         | Ignore IPv6 address: 788e:42cb:f901:0:5029:42cb:f901:0
INFO         | Ignore IPv6 address: 788e:42cb:f901:0:5029:42cb:f901:0
INFO         | Ignore IPv6 address: 788e:42cb:f901:0:5029:42cb:f901:0
INFO         | Guest GLES Driver: Auto (ext controls)
INFO         | emuglConfig_get_vulkan_hardware_gpu_support_info: Found physical GPU 'NVIDIA GeForce RTX 5060 Ti', type: VK_PHYSICAL_DEVICE_TYPE_DISCRETE_GPU, apiVersion: 1.4.351, driverVersion: 616.92

INFO         | emuglConfig_init: vulkan_mode_selected:host gles_mode_selected:host
INFO         | Checking system compatibility:
INFO         |   Checking: hasCompatibleHypervisor
INFO         |      Ok: Hypervisor compatibility to run avd: `Lesson2_API35` are met
INFO         |   Checking: hasSufficientSystem
INFO         |      Ok: System requirements to run avd: `Lesson2_API35` are met
INFO         |   Checking: hasSufficientHwGpu
INFO         |      Ok: Hardware GPU requirements to run avd: `Lesson2_API35` are passed
INFO         |   Checking: hasSufficientDiskSpace
INFO         |      Ok: Disk space requirements to run avd: `Lesson2_API35` are met
INFO         | Critical: Failed to load opengl32sw (Не найден указанный модуль.) (:0, )
INFO         | Warning: Software OpenGL failed. Falling back to system OpenGL. (:0, )
INFO         | Storing crashdata in: D:\Rtemp\\AndroidEmulator\emu-crash-37.1.11.db, detection is enabled for process: 12316
INFO         | Initializing gfxstream backend
INFO         | startOpenglesRendererImpl: gpu info
INFO         | GPU #1
  Make: 10de
  Model: NVIDIA GeForce RTX 5060 Ti
  Device ID: 2d04

INFO         | Disabling implicit Vulkan layers to avoid compatibility issues. Set VK_LOADER_LAYERS_DISABLE manually to disable this behavior.
INFO         | SharedLibrary::open for [C:\Users\H4RD\AppData\Local\Android\Sdk\emulator\qemu\windows-x86_64\lib64\vulkan\vulkan-1.dll]
INFO         | SharedLibrary::open for [C:\Users\H4RD\AppData\Local\Android\Sdk\emulator\lib64\vulkan\vulkan-1.dll]
INFO         | Added library: C:\Users\H4RD\AppData\Local\Android\Sdk\emulator\lib64\vulkan\vulkan-1.dll
INFO         | Selecting Vulkan device: NVIDIA GeForce RTX 5060 Ti, Version: 1.4.351
INFO         | Using Vulkan externalMemoryMode: OpaqueWin32 for VkEmulation
INFO         | Initializing VkEmulation features:
INFO         |     glInteropSupported: true
INFO         |     useDeferredCommands: true
INFO         |     createResourceWithRequirements: true
INFO         |     useVulkanComposition: false
INFO         |     useVulkanNativeSwapchain: false
INFO         |     enable guestRenderDoc: false
INFO         |     ASTC LDR emulation mode: Gpu
INFO         |     enable ETC2 emulation: true
INFO         |     enable Ycbcr emulation: false
INFO         |     guestVulkanOnly: false
INFO         |     useDedicatedAllocations: false
INFO         |     guestVulkanMaxApiVersion: 1.3.0
INFO         |     enableProtectedMemoryEmulation: false
INFO         | Graphics Adapter Vendor Google (NVIDIA Corporation)
INFO         | Graphics Adapter Android Emulator OpenGL ES Translator (NVIDIA GeForce RTX 5060 Ti/PCIe/SSE2)
INFO         | Graphics API Version OpenGL ES 3.0 (4.5.0 NVIDIA 616.92)
INFO         | Graphics API Extensions GL_OES_EGL_sync GL_OES_EGL_image GL_OES_EGL_image_external GL_OES_depth24 GL_OES_depth32 GL_OES_element_index_uint GL_OES_texture_float GL_OES_texture_float_linear GL_OES_compressed_paletted_texture GL_OES_compressed_ETC1_RGB8_texture GL_OES_depth_texture GL_OES_texture_half_float GL_OES_texture_half_float_linear GL_OES_packed_depth_stencil GL_OES_vertex_half_float GL_OES_texture_npot GL_OES_rgb8_rgba8 GL_OVR_multiview2 GL_EXT_multiview_texture_multisample GL_EXT_color_buffer_float GL_EXT_color_buffer_half_float GL_EXT_texture_format_BGRA8888 GL_APPLE_texture_format_BGRA8888 GL_EXT_texture_buffer 
INFO         | Graphics Device Extensions N/A
INFO         | Disabling sparse binding feature support
INFO         | Sending adb public key [QAAAAKvsfqb9UQong8X5JnVEXjj3IREnbcaldcZXEPBWpfDHlpa5FKA7iiiiE1LFergJDNlPSyL5l3WPH6baGbW5PeJ1W3pnwHSyN64VsOieTSI5bA59opqFWKkU2zh5r7fklaVZdJPLsMrOT8b7k0B+tpX9MDX7/8VG6eNh4jHvksRuh8+jCrCQPiu51DYFtWOPMIIAlToSHgIowATMQws8ME53vWKZQCBRZEn+MempHwVA22pwURtrPU55k9envZ3j0mU9eIjOwRRS54rypxHpnInK9Ea0t8Kf3SklAG7zI3BXlCGUCyfv8oDsOQEYGTrPxjEWkqW2N0NvikcSyTBTrnXqfgHcV/SiLr/ELYrPF2a/kIgAPQBWZMZrGyDP7mGKSryvYvFjqjobCOvD7xgGnCdYLkv06Ie07dr0jclkPsOmJg2oYR391z201vuHK/wDZlnveXRuwwrPrQkHLNeKxSn+ALAsXedg1IVShmzD+xpSF/mWCwqFLi6Y6x6LH08wLjKCi0V9xCT0OHWBhK3HdLNT6v1LNxddLcKS0BT0XQltZ0JrRNfCT8AnyvF3YZv9N8cKuroi0PRyDxTaZH3WAkJuyWEu+OezJrZVHBFAUdsVK/8RziDrol1uGt1U/al8PNZxOCH3rySgmip34QfYoz4hVv3FsAjG0rYFZtI5JURwNe8iEwEAAQA= @unknown]
INFO         | Userspace boot properties:
INFO         |   androidboot.boot_devices=pci0000:00/0000:00:03.0 pci0000:00/0000:00:06.0
INFO         |   androidboot.dalvik.vm.heapsize=576m
INFO         |   androidboot.debug.hwui.renderer=skiagl
INFO         |   androidboot.debug.sf.nobootanimation=1
INFO         |   androidboot.hardware=ranchu
INFO         |   androidboot.hardware.gltransport=pipe
INFO         |   androidboot.hardware.vulkan=ranchu
INFO         |   androidboot.logcat=*:V
INFO         |   androidboot.opengles.version=196609
INFO         |   androidboot.qemu=1
INFO         |   androidboot.qemu.adb.pubkey=QAAAAKvsfqb9UQong8X5JnVEXjj3IREnbcaldcZXEPBWpfDHlpa5FKA7iiiiE1LFergJDNlPSyL5l3WPH6baGbW5PeJ1W3pnwHSyN64VsOieTSI5bA59opqFWKkU2zh5r7fklaVZdJPLsMrOT8b7k0B+tpX9MDX7/8VG6eNh4jHvksRuh8+jCrCQPiu51DYFtWOPMIIAlToSHgIowATMQws8ME53vWKZQCBRZEn+MempHwVA22pwURtrPU55k9envZ3j0mU9eIjOwRRS54rypxHpnInK9Ea0t8Kf3SklAG7zI3BXlCGUCyfv8oDsOQEYGTrPxjEWkqW2N0NvikcSyTBTrnXqfgHcV/SiLr/ELYrPF2a/kIgAPQBWZMZrGyDP7mGKSryvYvFjqjobCOvD7xgGnCdYLkv06Ie07dr0jclkPsOmJg2oYR391z201vuHK/wDZlnveXRuwwrPrQkHLNeKxSn+ALAsXedg1IVShmzD+xpSF/mWCwqFLi6Y6x6LH08wLjKCi0V9xCT0OHWBhK3HdLNT6v1LNxddLcKS0BT0XQltZ0JrRNfCT8AnyvF3YZv9N8cKuroi0PRyDxTaZH3WAkJuyWEu+OezJrZVHBFAUdsVK/8RziDrol1uGt1U/al8PNZxOCH3rySgmip34QfYoz4hVv3FsAjG0rYFZtI5JURwNe8iEwEAAQA= @unknown
INFO         |   androidboot.qemu.avd_name=Lesson2_API35
INFO         |   androidboot.qemu.camera_hq_edge_processing=0
INFO         |   androidboot.qemu.camera_protocol_ver=1
INFO         |   androidboot.qemu.cpuvulkan.version=4206592
INFO         |   androidboot.qemu.gltransport.drawFlushInterval=800
INFO         |   androidboot.qemu.gltransport.name=pipe
INFO         |   androidboot.qemu.hwcodec.avcdec=2
INFO         |   androidboot.qemu.hwcodec.hevcdec=2
INFO         |   androidboot.qemu.hwcodec.vpxdec=2
INFO         |   androidboot.qemu.settings.system.screen_off_timeout=2147483647
INFO         |   androidboot.qemu.skin=1080x2400
INFO         |   androidboot.qemu.virtiowifi=1
INFO         |   androidboot.qemu.vsync=60
INFO         |   androidboot.serialno=EMULATOR37X1X11X0
INFO         |   androidboot.vbmeta.digest=9b597927025d4f62f4594a14632a8d3763239f29c0b7af229e0b6ebcddcdea60
INFO         |   androidboot.vbmeta.hash_alg=sha256
INFO         |   androidboot.vbmeta.size=6720
INFO         |   androidboot.veritymode=enforcing
WHPX on Windows 10.0.26300 detected.
Windows Hypervisor Platform accelerator is operational
